// Jest Snapshot v1, https://goo.gl/fbAQLP

exports[`CreateNewGame renders correctly 1`] = `
<RNCSafeAreaView
  edges={
    Array [
      "bottom",
      "left",
      "right",
      "top",
    ]
  }
  style={
    Object {
      "flex": 1,
    }
  }
>
  <View
    style={
      Object {
        "flex": 1,
        "paddingVertical": 20,
      }
    }
  >
    <View
      style={
        Object {
          "alignItems": "center",
          "flex": 1,
          "justifyContent": "center",
        }
      }
    >
      <Text
        style={
          Object {
            "fontSize": 40,
            "fontWeight": "bold",
            "marginBottom": 20,
          }
        }
        testID="title"
      >
        Jugadores
      </Text>
      <TextInput
        placeholder="Jugador 1"
        style={
          Object {
            "borderColor": "gray",
            "borderWidth": 1,
            "height": 40,
            "marginBottom": 20,
            "padding": 10,
            "width": "80%",
          }
        }
        testID="player-input-0"
      />
      <TextInput
        placeholder="Jugador 2"
        style={
          Object {
            "borderColor": "gray",
            "borderWidth": 1,
            "height": 40,
            "marginBottom": 20,
            "padding": 10,
            "width": "80%",
          }
        }
        testID="player-input-1"
      />
      <View
        accessibilityState={
          Object {
            "disabled": false,
          }
        }
        accessible={true}
        collapsable={false}
        focusable={true}
        onClick={[Function]}
        onResponderGrant={[Function]}
        onResponderMove={[Function]}
        onResponderRelease={[Function]}
        onResponderTerminate={[Function]}
        onResponderTerminationRequest={[Function]}
        onStartShouldSetResponder={[Function]}
        style={
          Object {
            "alignItems": "center",
            "backgroundColor": "black",
            "borderRadius": 20,
            "height": 40,
            "justifyContent": "center",
            "opacity": 1,
            "width": 40,
          }
        }
        testID="plus-button"
      >
        <Text
          style={
            Object {
              "color": "white",
              "fontSize": 20,
            }
          }
          testID="plus-button-text"
        >
          +
        </Text>
      </View>
      <View
        accessible={true}
        collapsable={false}
        focusable={false}
        onClick={[Function]}
        onResponderGrant={[Function]}
        onResponderMove={[Function]}
        onResponderRelease={[Function]}
        onResponderTerminate={[Function]}
        onResponderTerminationRequest={[Function]}
        onStartShouldSetResponder={[Function]}
        style={
          Object {
            "alignItems": "center",
            "backgroundColor": "black",
            "height": 40,
            "justifyContent": "center",
            "marginTop": 20,
            "opacity": 1,
            "width": "80%",
          }
        }
        testID="create-new-game-button"
      >
        <Text
          style={
            Object {
              "color": "white",
            }
          }
          testID="create-new-game-button-text"
        >
          Crear partida
        </Text>
      </View>
    </View>
  </View>
</RNCSafeAreaView>
`;
